// Jest Snapshot v1, https://goo.gl/fbAQLP

exports[`App View App View Snapshot check 1`] = `
<div>
  <div>
    <h1>
      Counter
    </h1>
    <h2>
      1
    </h2>
    <button
      id="plus"
      onClick={[Function]}
    >
       + 
    </button>
    <button
      id="minus"
      onClick={[Function]}
    >
       - 
    </button>
  </div>
  <hr />
  <h1>
    이름 목록
  </h1>
  <form
    onSubmit={[Function]}
  >
    <label>
      이름
    </label>
    <input
      onChange={[Function]}
      type="text"
      value=""
    />
    <button
      type="submit"
    >
      등록
    </button>
  </form>
  <ul>
    <li>
      웅식
    </li>
    <li>
      킴웅식
    </li>
  </ul>
</div>
`;
